Release 14.7 - xst P.20131013 (nt)
Copyright (c) 1995-2013 Xilinx, Inc.  All rights reserved.
--> Parameter TMPDIR set to xst/projnav.tmp


Total REAL time to Xst completion: 0.00 secs
Total CPU time to Xst completion: 0.13 secs
 
--> Parameter xsthdpdir set to xst


Total REAL time to Xst completion: 0.00 secs
Total CPU time to Xst completion: 0.13 secs
 
--> Reading design: div.prj

TABLE OF CONTENTS
  1) Synthesis Options Summary
  2) HDL Parsing
  3) HDL Elaboration
  4) HDL Synthesis
       4.1) HDL Synthesis Report
  5) Advanced HDL Synthesis
       5.1) Advanced HDL Synthesis Report
  6) Low Level Synthesis
  7) Partition Report
  8) Design Summary
       8.1) Primitive and Black Box Usage
       8.2) Device utilization summary
       8.3) Partition Resource Summary
       8.4) Timing Report
            8.4.1) Clock Information
            8.4.2) Asynchronous Control Signals Information
            8.4.3) Timing Summary
            8.4.4) Timing Details
            8.4.5) Cross Clock Domains Report


=========================================================================
*                      Synthesis Options Summary                        *
=========================================================================
---- Source Parameters
Input File Name                    : "div.prj"
Ignore Synthesis Constraint File   : NO

---- Target Parameters
Output File Name                   : "div"
Output Format                      : NGC
Target Device                      : xc7a100t-3-csg324

---- Source Options
Top Module Name                    : div
Automatic FSM Extraction           : YES
FSM Encoding Algorithm             : Auto
Safe Implementation                : No
FSM Style                          : LUT
RAM Extraction                     : Yes
RAM Style                          : Auto
ROM Extraction                     : Yes
Shift Register Extraction          : YES
ROM Style                          : Auto
Resource Sharing                   : YES
Asynchronous To Synchronous        : NO
Shift Register Minimum Size        : 2
Use DSP Block                      : Auto
Automatic Register Balancing       : No

---- Target Options
LUT Combining                      : Auto
Reduce Control Sets                : Auto
Add IO Buffers                     : YES
Global Maximum Fanout              : 100000
Add Generic Clock Buffer(BUFG)     : 32
Register Duplication               : YES
Optimize Instantiated Primitives   : NO
Use Clock Enable                   : Auto
Use Synchronous Set                : Auto
Use Synchronous Reset              : Auto
Pack IO Registers into IOBs        : Auto
Equivalent register Removal        : YES

---- General Options
Optimization Goal                  : Speed
Optimization Effort                : 1
Power Reduction                    : NO
Keep Hierarchy                     : No
Netlist Hierarchy                  : As_Optimized
RTL Output                         : Yes
Global Optimization                : AllClockNets
Read Cores                         : YES
Write Timing Constraints           : NO
Cross Clock Analysis               : NO
Hierarchy Separator                : /
Bus Delimiter                      : <>
Case Specifier                     : Maintain
Slice Utilization Ratio            : 100
BRAM Utilization Ratio             : 100
DSP48 Utilization Ratio            : 100
Auto BRAM Packing                  : NO
Slice Utilization Ratio Delta      : 5

=========================================================================


=========================================================================
*                          HDL Parsing                                  *
=========================================================================
Parsing VHDL file "C:\Users\firat\Desktop\dijital2\fpga\seven_four.vhd" into library work
Parsing entity <seven_four>.
Parsing architecture <Behavioral> of entity <seven_four>.
Parsing VHDL file "C:\Users\firat\Desktop\dijital2\fpga\top.vhd" into library work
Parsing entity <div>.
Parsing architecture <arch> of entity <div>.
WARNING:HDLCompiler:946 - "C:\Users\firat\Desktop\dijital2\fpga\top.vhd" Line 52: Actual for formal port in3 is neither a static name nor a globally static expression

=========================================================================
*                            HDL Elaboration                            *
=========================================================================

Elaborating entity <div> (architecture <arch>) with generics from library <work>.

Elaborating entity <seven_four> (architecture <Behavioral>) from library <work>.
INFO:HDLCompiler:679 - "C:\Users\firat\Desktop\dijital2\fpga\seven_four.vhd" Line 156. Case statement is complete. others clause is never selected

=========================================================================
*                           HDL Synthesis                               *
=========================================================================

Synthesizing Unit <div>.
    Related source file is "C:\Users\firat\Desktop\dijital2\fpga\top.vhd".
        W = 6
        CBIT = 4
    Found 6-bit register for signal <rh_reg>.
    Found 6-bit register for signal <rl_reg>.
    Found 6-bit register for signal <d_reg>.
    Found 4-bit register for signal <n_reg>.
    Found 2-bit register for signal <state_reg>.
    Found finite state machine <FSM_0> for signal <state_reg>.
    -----------------------------------------------------------------------
    | States             | 4                                              |
    | Transitions        | 6                                              |
    | Inputs             | 2                                              |
    | Outputs            | 6                                              |
    | Clock              | clk (rising_edge)                              |
    | Reset              | reset (positive)                               |
    | Reset type         | asynchronous                                   |
    | Reset State        | idle                                           |
    | Power Up State     | idle                                           |
    | Encoding           | auto                                           |
    | Implementation     | LUT                                            |
    -----------------------------------------------------------------------
    Found 4-bit subtractor for signal <GND_4_o_GND_4_o_sub_13_OUT<3:0>> created at line 1308.
    Found 6-bit subtractor for signal <GND_4_o_GND_4_o_sub_25_OUT<5:0>> created at line 120.
    Found 4-bit 3-to-1 multiplexer for signal <n_next> created at line 83.
    Found 6-bit comparator lessequal for signal <n0022> created at line 119
    Summary:
	inferred   2 Adder/Subtractor(s).
	inferred  22 D-type flip-flop(s).
	inferred   1 Comparator(s).
	inferred   7 Multiplexer(s).
	inferred   1 Finite State Machine(s).
Unit <div> synthesized.

Synthesizing Unit <seven_four>.
    Related source file is "C:\Users\firat\Desktop\dijital2\fpga\seven_four.vhd".
    Found 2-bit register for signal <sec>.
    Found 18-bit register for signal <counter>.
    Found 18-bit adder for signal <counter[17]_GND_7_o_add_4_OUT> created at line 135.
    Found 4x4-bit Read Only RAM for signal <sel>
    Found 7-bit 4-to-1 multiplexer for signal <segment> created at line 139.
    Summary:
	inferred   1 RAM(s).
	inferred   1 Adder/Subtractor(s).
	inferred  20 D-type flip-flop(s).
	inferred   1 Multiplexer(s).
Unit <seven_four> synthesized.

=========================================================================
HDL Synthesis Report

Macro Statistics
# RAMs                                                 : 1
 4x4-bit single-port Read Only RAM                     : 1
# Adders/Subtractors                                   : 3
 18-bit adder                                          : 1
 4-bit subtractor                                      : 1
 6-bit subtractor                                      : 1
# Registers                                            : 6
 18-bit register                                       : 1
 2-bit register                                        : 1
 4-bit register                                        : 1
 6-bit register                                        : 3
# Comparators                                          : 1
 6-bit comparator lessequal                            : 1
# Multiplexers                                         : 8
 4-bit 2-to-1 multiplexer                              : 1
 4-bit 3-to-1 multiplexer                              : 1
 6-bit 2-to-1 multiplexer                              : 5
 7-bit 4-to-1 multiplexer                              : 1
# FSMs                                                 : 1

=========================================================================

=========================================================================
*                       Advanced HDL Synthesis                          *
=========================================================================

WARNING:Xst:1710 - FF/Latch <d_reg_4> (without init value) has a constant value of 0 in block <div>. This FF/Latch will be trimmed during the optimization process.
WARNING:Xst:1895 - Due to other FF/Latch trimming, FF/Latch <d_reg_5> (without init value) has a constant value of 0 in block <div>. This FF/Latch will be trimmed during the optimization process.
WARNING:Xst:2404 -  FFs/Latches <d_reg<5:4>> (without init value) have a constant value of 0 in block <div>.

Synthesizing (advanced) Unit <seven_four>.
The following registers are absorbed into counter <counter>: 1 register on signal <counter>.
INFO:Xst:3231 - The small RAM <Mram_sel> will be implemented on LUTs in order to maximize performance and save block RAM resources. If you want to force its implementation on block, use option/constraint ram_style.
    -----------------------------------------------------------------------
    | ram_type           | Distributed                         |          |
    -----------------------------------------------------------------------
    | Port A                                                              |
    |     aspect ratio   | 4-word x 4-bit                      |          |
    |     weA            | connected to signal <GND>           | high     |
    |     addrA          | connected to signal <sec>           |          |
    |     diA            | connected to signal <GND>           |          |
    |     doA            | connected to signal <sel>           |          |
    -----------------------------------------------------------------------
Unit <seven_four> synthesized (advanced).

=========================================================================
Advanced HDL Synthesis Report

Macro Statistics
# RAMs                                                 : 1
 4x4-bit single-port distributed Read Only RAM         : 1
# Adders/Subtractors                                   : 2
 4-bit subtractor                                      : 1
 6-bit subtractor                                      : 1
# Counters                                             : 1
 18-bit up counter                                     : 1
# Registers                                            : 22
 Flip-Flops                                            : 22
# Comparators                                          : 1
 6-bit comparator lessequal                            : 1
# Multiplexers                                         : 8
 4-bit 2-to-1 multiplexer                              : 1
 4-bit 3-to-1 multiplexer                              : 1
 6-bit 2-to-1 multiplexer                              : 5
 7-bit 4-to-1 multiplexer                              : 1
# FSMs                                                 : 1

=========================================================================

=========================================================================
*                         Low Level Synthesis                           *
=========================================================================
Analyzing FSM <MFsm> for best encoding.
Optimizing FSM <FSM_0> on signal <state_reg[1:2]> with user encoding.
-------------------
 State | Encoding
-------------------
 idle  | 00
 op    | 01
 last  | 10
 done  | 11
-------------------

Optimizing unit <div> ...

Optimizing unit <seven_four> ...
WARNING:Xst:1710 - FF/Latch <n_reg_3> (without init value) has a constant value of 0 in block <div>. This FF/Latch will be trimmed during the optimization process.

Mapping all equations...
Building and optimizing final netlist ...
Found area constraint ratio of 100 (+ 5) on block div, actual ratio is 0.

Final Macro Processing ...

=========================================================================
Final Register Report

Macro Statistics
# Registers                                            : 41
 Flip-Flops                                            : 41

=========================================================================

=========================================================================
*                           Partition Report                            *
=========================================================================

Partition Implementation Status
-------------------------------

  No Partitions were found in this design.

-------------------------------

=========================================================================
*                            Design Summary                             *
=========================================================================

Top Level Output File Name         : div.ngc

Primitive and Black Box Usage:
------------------------------
# BELS                             : 129
#      GND                         : 1
#      INV                         : 1
#      LUT1                        : 17
#      LUT2                        : 9
#      LUT3                        : 2
#      LUT4                        : 15
#      LUT5                        : 8
#      LUT6                        : 33
#      MUXCY                       : 17
#      MUXF7                       : 7
#      VCC                         : 1
#      XORCY                       : 18
# FlipFlops/Latches                : 41
#      FD                          : 20
#      FDC                         : 5
#      FDCE                        : 16
# Clock Buffers                    : 1
#      BUFGP                       : 1
# IO Buffers                       : 30
#      IBUF                        : 12
#      OBUF                        : 18

Device utilization summary:
---------------------------

Selected Device : 7a100tcsg324-3 


Slice Logic Utilization: 
 Number of Slice Registers:              41  out of  126800     0%  
 Number of Slice LUTs:                   85  out of  63400     0%  
    Number used as Logic:                85  out of  63400     0%  

Slice Logic Distribution: 
 Number of LUT Flip Flop pairs used:     89
   Number with an unused Flip Flop:      48  out of     89    53%  
   Number with an unused LUT:             4  out of     89     4%  
   Number of fully used LUT-FF pairs:    37  out of     89    41%  
   Number of unique control sets:         4

IO Utilization: 
 Number of IOs:                          31
 Number of bonded IOBs:                  31  out of    210    14%  

Specific Feature Utilization:
 Number of BUFG/BUFGCTRLs:                1  out of     32     3%  

---------------------------
Partition Resource Summary:
---------------------------

  No Partitions were found in this design.

---------------------------


=========================================================================
Timing Report

NOTE: THESE TIMING NUMBERS ARE ONLY A SYNTHESIS ESTIMATE.
      FOR ACCURATE TIMING INFORMATION PLEASE REFER TO THE TRACE REPORT
      GENERATED AFTER PLACE-and-ROUTE.

Clock Information:
------------------
-----------------------------------+------------------------+-------+
Clock Signal                       | Clock buffer(FF name)  | Load  |
-----------------------------------+------------------------+-------+
clk                                | BUFGP                  | 41    |
-----------------------------------+------------------------+-------+

Asynchronous Control Signals Information:
----------------------------------------
No asynchronous control signals found in this design

Timing Summary:
---------------
Speed Grade: -3

   Minimum period: 1.986ns (Maximum Frequency: 503.550MHz)
   Minimum input arrival time before clock: 0.841ns
   Maximum output required time after clock: 2.165ns
   Maximum combinational path delay: No path found

Timing Details:
---------------
All values displayed in nanoseconds (ns)

=========================================================================
Timing constraint: Default period analysis for Clock 'clk'
  Clock period: 1.986ns (frequency: 503.550MHz)
  Total number of paths / destination ports: 430 / 53
-------------------------------------------------------------------------
Delay:               1.986ns (Levels of Logic = 3)
  Source:            d_reg_2 (FF)
  Destination:       rh_reg_1 (FF)
  Source Clock:      clk rising
  Destination Clock: clk rising

  Data Path: d_reg_2 to rh_reg_1
                                Gate     Net
    Cell:in->out      fanout   Delay   Delay  Logical Name (Net Name)
    ----------------------------------------  ------------
     FDCE:C->Q             4   0.361   0.707  d_reg_2 (d_reg_2)
     LUT6:I0->O            4   0.097   0.309  q_bit13_SW0 (N8)
     LUT5:I4->O            4   0.097   0.309  q_bit13 (q_bit)
     LUT6:I5->O            1   0.097   0.000  Mmux_rh_next21 (rh_next<1>)
     FDCE:D                    0.008          rh_reg_1
    ----------------------------------------
    Total                      1.986ns (0.660ns logic, 1.326ns route)
                                       (33.2% logic, 66.8% route)

=========================================================================
Timing constraint: Default OFFSET IN BEFORE for Clock 'clk'
  Total number of paths / destination ports: 51 / 51
-------------------------------------------------------------------------
Offset:              0.841ns (Levels of Logic = 2)
  Source:            start (PAD)
  Destination:       rl_reg_0 (FF)
  Destination Clock: clk rising

  Data Path: start to rl_reg_0
                                Gate     Net
    Cell:in->out      fanout   Delay   Delay  Logical Name (Net Name)
    ----------------------------------------  ------------
     IBUF:I->O             6   0.001   0.318  start_IBUF (start_IBUF)
     LUT3:I2->O           12   0.097   0.330  _n0088_inv1 (_n0088_inv)
     FDCE:CE                   0.095          rh_reg_0
    ----------------------------------------
    Total                      0.841ns (0.193ns logic, 0.648ns route)
                                       (22.9% logic, 77.1% route)

=========================================================================
Timing constraint: Default OFFSET OUT AFTER for Clock 'clk'
  Total number of paths / destination ports: 133 / 13
-------------------------------------------------------------------------
Offset:              2.165ns (Levels of Logic = 4)
  Source:            U6/sec_0 (FF)
  Destination:       seg_out<4> (PAD)
  Source Clock:      clk rising

  Data Path: U6/sec_0 to seg_out<4>
                                Gate     Net
    Cell:in->out      fanout   Delay   Delay  Logical Name (Net Name)
    ----------------------------------------  ------------
     FD:C->Q              14   0.361   0.743  U6/sec_0 (U6/sec_0)
     LUT5:I0->O            4   0.097   0.309  U6/Mmux_segment43 (U6/Mmux_segment12)
     LUT6:I5->O            1   0.097   0.000  U6/Mmux_segment44_G (N53)
     MUXF7:I1->O           1   0.279   0.279  U6/Mmux_segment44 (seg_out_4_OBUF)
     OBUF:I->O                 0.000          seg_out_4_OBUF (seg_out<4>)
    ----------------------------------------
    Total                      2.165ns (0.834ns logic, 1.331ns route)
                                       (38.5% logic, 61.5% route)

=========================================================================

Cross Clock Domains Report:
--------------------------

Clock to Setup on destination clock clk
---------------+---------+---------+---------+---------+
               | Src:Rise| Src:Fall| Src:Rise| Src:Fall|
Source Clock   |Dest:Rise|Dest:Rise|Dest:Fall|Dest:Fall|
---------------+---------+---------+---------+---------+
clk            |    1.986|         |         |         |
---------------+---------+---------+---------+---------+

=========================================================================


Total REAL time to Xst completion: 10.00 secs
Total CPU time to Xst completion: 9.69 secs
 
--> 

Total memory usage is 368680 kilobytes

Number of errors   :    0 (   0 filtered)
Number of warnings :    5 (   0 filtered)
Number of infos    :    1 (   0 filtered)

